// Jest Snapshot v1, https://goo.gl/fbAQLP

exports[`Shallow Snapshot Tests basic 1`] = `
<Helmet
  defer={true}
  encodeSpecialCharacters={true}
  prioritizeSeoTags={false}
>
  <title>
    title
  </title>
  <meta
    content="トリビアマップ"
    property="og:title"
  />
  <meta
    content="ディズニーの隠れミッキーやストーリーなどの豆知識を地図上で自由に共有できるアプリ"
    name="description"
  />
  <meta
    content="ディズニーの隠れミッキーやストーリーなどの豆知識を地図上で自由に共有できるアプリ"
    property="og:description"
  />
  <meta
    content="website"
    property="og:type"
  />
  <meta
    content="TODO"
    property="og:url"
  />
  <meta
    content="TODO"
    property="og:image"
  />
  <meta
    content="トリビアマップ"
    property="og:site_name"
  />
  <meta
    content="ja_JP"
    property="og:locale"
  />
  <meta
    content="summary_large_image"
    name="twitter:card"
  />
  <meta
    content="@Axel_1864"
    name="twitter:site"
  />
</Helmet>
`;
