// Jest Snapshot v1, https://goo.gl/fbAQLP

exports[`Shallow Snapshot Tests basic 1`] = `
<Fragment>
  <TriviaMap
    newMarkerMode={false}
    onClickPostTitle={[Function]}
    onConfirmNewPosition={[Function]}
  />
  <BoxModal
    onClose={[Function]}
    open={false}
  />
  <BoxModal
    onClose={[Function]}
    open={false}
  >
    <ArticleForm
      onClickSelectPosition={[Function]}
    />
  </BoxModal>
  <FloatingButton
    color="primary"
    disabled={false}
    icon="add"
    onClick={[Function]}
  />
</Fragment>
`;
