// Jest Snapshot v1, https://goo.gl/fbAQLP

exports[`Shallow Snapshot Tests basic 1`] = `
<AdminWrapper>
  <ForwardRef(Stack)
    spacing={3}
  >
    <ForwardRef(Typography)
      align="center"
    >
      ようこそ 
      Axel
      さん
    </ForwardRef(Typography)>
    <ForwardRef(Box)>
      <ForwardRef(Typography)
        align="center"
        component="h2"
        sx={
          Object {
            "mb": 3,
          }
        }
        variant="h4"
      >
        投稿一覧
      </ForwardRef(Typography)>
      <Renderer />
    </ForwardRef(Box)>
  </ForwardRef(Stack)>
</AdminWrapper>
`;
