// Jest Snapshot v1, https://goo.gl/fbAQLP

exports[`Shallow Snapshot Tests basic 1`] = `
<ArticleWrapper>
  <ForwardRef(Box)
    sx={
      Object {
        "borderColor": "gray",
        "borderRadius": 3,
        "borderStyle": "solid",
        "borderWidth": 2,
        "mb": 3,
        "mx": 2,
        "p": 2,
      }
    }
  >
    <ForwardRef(Typography)
      align="center"
      component="h2"
      variant="h6"
    >
      <IconAndText
        iconComponent={<Memo />}
        iconPosition="left"
        text="絞り込み条件"
        variant="inherit"
      />
    </ForwardRef(Typography)>
    <ForwardRef(Grid)
      columnSpacing={6}
      container={true}
      rowSpacing={2}
      sx={
        Object {
          "mb": 3,
          "mt": 1,
        }
      }
    >
      <ForwardRef(Grid)
        item={true}
        md={6}
        xs={12}
      >
        <ForwardRef(FormControl)
          fullWidth={true}
          size="small"
        >
          <ForwardRef(InputLabel)>
            カテゴリー
          </ForwardRef(InputLabel)>
          <ForwardRef(Select)
            label="カテゴリー"
            onChange={[Function]}
            value=""
          >
            <ForwardRef(MenuItem)
              value=""
            >
              <em>
                未選択
              </em>
            </ForwardRef(MenuItem)>
            <ForwardRef(MenuItem)
              key="category-1"
              value="1"
            >
              隠れミッキー
            </ForwardRef(MenuItem)>
            <ForwardRef(MenuItem)
              key="category-2"
              value="2"
            >
              バックグラウンドストーリー
            </ForwardRef(MenuItem)>
            <ForwardRef(MenuItem)
              key="category-0"
              value="0"
            >
              その他
            </ForwardRef(MenuItem)>
          </ForwardRef(Select)>
        </ForwardRef(FormControl)>
      </ForwardRef(Grid)>
      <ForwardRef(Grid)
        item={true}
        md={6}
        xs={12}
      >
        <ForwardRef(FormControl)
          fullWidth={true}
          size="small"
          sx={
            Object {
              "minWidth": 120,
            }
          }
        >
          <ForwardRef(InputLabel)>
            パーク
          </ForwardRef(InputLabel)>
          <ForwardRef(Select)
            label="パーク"
            onChange={[Function]}
            value=""
          >
            <ForwardRef(MenuItem)
              value=""
            >
              <em>
                未選択
              </em>
            </ForwardRef(MenuItem)>
            <ForwardRef(MenuItem)
              value="L"
            >
              ランド
            </ForwardRef(MenuItem)>
            <ForwardRef(MenuItem)
              value="S"
            >
              シー
            </ForwardRef(MenuItem)>
          </ForwardRef(Select)>
        </ForwardRef(FormControl)>
      </ForwardRef(Grid)>
    </ForwardRef(Grid)>
    <ForwardRef(Box)
      textAlign="center"
    >
      <ForwardRef(Button)
        onClick={[Function]}
      >
        この条件で絞り込む
      </ForwardRef(Button)>
    </ForwardRef(Box)>
  </ForwardRef(Box)>
  <ArticlePreviewList
    searchConditions={Object {}}
    variant="large"
  />
</ArticleWrapper>
`;

exports[`Shallow Snapshot Tests with form conditions 1`] = `
<ArticleWrapper>
  <ForwardRef(Box)
    sx={
      Object {
        "borderColor": "gray",
        "borderRadius": 3,
        "borderStyle": "solid",
        "borderWidth": 2,
        "mb": 3,
        "mx": 2,
        "p": 2,
      }
    }
  >
    <ForwardRef(Typography)
      align="center"
      component="h2"
      variant="h6"
    >
      <IconAndText
        iconComponent={<Memo />}
        iconPosition="left"
        text="絞り込み条件"
        variant="inherit"
      />
    </ForwardRef(Typography)>
    <ForwardRef(Grid)
      columnSpacing={6}
      container={true}
      rowSpacing={2}
      sx={
        Object {
          "mb": 3,
          "mt": 1,
        }
      }
    >
      <ForwardRef(Grid)
        item={true}
        md={6}
        xs={12}
      >
        <ForwardRef(FormControl)
          fullWidth={true}
          size="small"
        >
          <ForwardRef(InputLabel)>
            カテゴリー
          </ForwardRef(InputLabel)>
          <ForwardRef(Select)
            label="カテゴリー"
            onChange={[Function]}
            value="1"
          >
            <ForwardRef(MenuItem)
              value=""
            >
              <em>
                未選択
              </em>
            </ForwardRef(MenuItem)>
            <ForwardRef(MenuItem)
              key="category-1"
              value="1"
            >
              隠れミッキー
            </ForwardRef(MenuItem)>
            <ForwardRef(MenuItem)
              key="category-2"
              value="2"
            >
              バックグラウンドストーリー
            </ForwardRef(MenuItem)>
            <ForwardRef(MenuItem)
              key="category-0"
              value="0"
            >
              その他
            </ForwardRef(MenuItem)>
          </ForwardRef(Select)>
        </ForwardRef(FormControl)>
      </ForwardRef(Grid)>
      <ForwardRef(Grid)
        item={true}
        md={6}
        xs={12}
      >
        <ForwardRef(FormControl)
          fullWidth={true}
          size="small"
          sx={
            Object {
              "minWidth": 120,
            }
          }
        >
          <ForwardRef(InputLabel)>
            パーク
          </ForwardRef(InputLabel)>
          <ForwardRef(Select)
            label="パーク"
            onChange={[Function]}
            value="L"
          >
            <ForwardRef(MenuItem)
              value=""
            >
              <em>
                未選択
              </em>
            </ForwardRef(MenuItem)>
            <ForwardRef(MenuItem)
              value="L"
            >
              ランド
            </ForwardRef(MenuItem)>
            <ForwardRef(MenuItem)
              value="S"
            >
              シー
            </ForwardRef(MenuItem)>
          </ForwardRef(Select)>
        </ForwardRef(FormControl)>
      </ForwardRef(Grid)>
    </ForwardRef(Grid)>
    <ForwardRef(Box)
      textAlign="center"
    >
      <ForwardRef(Button)
        onClick={[Function]}
      >
        この条件で絞り込む
      </ForwardRef(Button)>
    </ForwardRef(Box)>
  </ForwardRef(Box)>
  <ArticlePreviewList
    searchConditions={Object {}}
    variant="large"
  />
</ArticleWrapper>
`;
