// Jest Snapshot v1, https://goo.gl/fbAQLP

exports[`Shallow Snapshot Tests basic 1`] = `
<HeadAppender
  title="ログイン - トリビアマップ"
>
  <GlobalMenu
    topBarPosition="static"
  >
    <AuthForms
      initialMode="login"
      onLoginSucceed={[Function]}
    />
  </GlobalMenu>
</HeadAppender>
`;

exports[`Shallow Snapshot Tests redirect 1`] = `
<Navigate
  to="/admin"
/>
`;
