// Jest Snapshot v1, https://goo.gl/fbAQLP

exports[`Shallow Snapshot Tests basic 1`] = `
<GlobalMenu
  topBarPosition="static"
>
  <AuthForms
    initialMode="login"
    onLoginSucceed={[Function]}
  />
</GlobalMenu>
`;

exports[`Shallow Snapshot Tests redirect 1`] = `
<Navigate
  to="/admin"
/>
`;
