// Jest Snapshot v1, https://goo.gl/fbAQLP

exports[`Shallow Snapshot Tests basic 1`] = `
<ForwardRef(LoadingButton)
  disabled={false}
  fullWidth={true}
  loading={false}
  onClick={[Function]}
  startIcon={
    <MyIcon
      variant="x-twitter"
    />
  }
  sx={
    Object {
      "textTransform": "none",
    }
  }
  variant="outlined"
>
  (Twitter)で簡単ログイン
</ForwardRef(LoadingButton)>
`;
