// Jest Snapshot v1, https://goo.gl/fbAQLP

exports[`Shallow Snapshot Tests 404 1`] = `
<Fragment>
  <CommonHelmet
    noindex={true}
    title="ページが見つかりません - トリビアマップ"
  />
  <GlobalMenu
    topBarPosition="static"
  >
    <ForwardRef(Box)
      sx={
        Object {
          "p": 1,
        }
      }
    >
      <ForwardRef(Box)
        sx={
          Object {
            "maxWidth": 600,
            "mx": "auto",
            "my": 3,
            "textAlign": "center",
          }
        }
      >
        <img
          alt="404"
          src="404.png"
          width="100%"
        />
      </ForwardRef(Box)>
      <ForwardRef(Typography)
        align="center"
        fontSize={18}
        sx={
          Object {
            "my": 1,
          }
        }
      >
        お探しのページは見つかりませんでした。
      </ForwardRef(Typography)>
      <ForwardRef(Typography)
        align="center"
        fontSize={18}
      >
        URLが間違っているか、既に削除された可能性があります。
      </ForwardRef(Typography)>
      <ForwardRef(Typography)
        align="center"
        fontSize={20}
        sx={
          Object {
            "mt": 3,
          }
        }
      >
        <Link
          to="/"
        >
          トップへ戻る
        </Link>
      </ForwardRef(Typography)>
    </ForwardRef(Box)>
  </GlobalMenu>
</Fragment>
`;

exports[`Shallow Snapshot Tests basic 1`] = `
<Fragment>
  <CommonHelmet
    noindex={true}
    title="エラーが発生しました - トリビアマップ"
  />
  <InternalError />
</Fragment>
`;
