// Jest Snapshot v1, https://goo.gl/fbAQLP

exports[`Shallow Snapshot Tests basic 1`] = `
<ForwardRef(Grid)
  container={true}
  justifyContent="center"
>
  <ForwardRef(Grid)
    item={true}
  >
    <ForwardRef(Typography)>
      xxx
    </ForwardRef(Typography)>
  </ForwardRef(Grid)>
</ForwardRef(Grid)>
`;
